[
  {
    "vuln_type": "CWE-1321",
    "sink": "target[key] = val;",
    "sink_lineno": 218,
    "file": "index.js"
  },
  {
    "vuln_type": "CWE-1321",
    "sink": "target[key] = assign(target[key] || {}, val);",
    "sink_lineno": 220,
    "file": "index.js"
  },
  {
    "vuln_type": "CWE-1321",
    "sink": "target[key] = val;",
    "sink_lineno": 222,
    "file": "index.js"
  }
]
