[
  {
    "vuln_type": "CWE-1321",
    "sink": "reference[key] = {};",
    "sink_lineno": 393,
    "file": "gedi.js"
  }
]
