[
  {
    "vuln_type": "CWE-78",
    "sink": "",
    "sink_lineno": 92,
    "file": "publish.js"
  }
]
