[
  {
    "vuln_type": "CWE-1321",
    "sink": "node[key] = val",
    "sink_lineno": 48,
    "file": "index.js"
  }
]
