[
  {
    "vuln_type": "CWE-94",
    "sink": "selectorValue = Function('obj', 'return ' + selectorValue);",
    "sink_lineno": 419,
    "file": "DocumentMatcher.js"
  }
]
