[
  {
    "vuln_type": "CWE-94",
    "sink": "eval(src);",
    "sink_lineno": 74,
    "file": "modulify.js"
  }
]
