[
  {
    "vuln_type": "CWE-1321",
    "sink": "acc[keyBase][onwardKey.join(delimiter)] = baseObj[key];",
    "sink_lineno": 193,
    "file": "index.js"
  }
]
