[
  {
    "vuln_type": "CWE-22",
    "sink": "fs.readFile(file, function(err, data) {",
    "sink_lineno": 31,
    "file": "asset-cache.js"
  }
]
