[
  {
    "vuln_type": "CWE-22",
    "sink": "return fs.createReadStream(errorPath).on('open', function() {",
    "sink_lineno": 211,
    "file": "server.js"
  }
]
