[
  {
    "vuln_type": "CWE-1321",
    "sink": "to[k] = coerce(k, from[k], schema)",
    "sink_lineno": 366,
    "file": "main.js"
  }
]
