[
  {
    "vuln_type": "CWE-22",
    "sink": "fs.readFile(relpath,function(err,file){",
    "sink_lineno": 14,
    "file": "index.js"
  }
]
