[
  {
    "vuln_type": "CWE-22",
    "sink": "",
    "sink_lineno": 10,
    "file": "caolili.js"
  }
]
