[
  {
    "vuln_type": "CWE-78",
    "sink": "",
    "sink_lineno": 11,
    "file": "index.js"
  }
]
