[
  {
    "vuln_type": "CWE-22",
    "sink": "var stream = fs.createReadStream(fileRequested, {",
    "sink_lineno": 35,
    "file": "index.js"
  }
]
