[
  {
    "type": "VFunPropOfExportedObj",
    "filename" : "tiny-conf.js",
    "vuln_type": "prototype-pollution",
    "sink": "target[key] = val;",
    "sink_lineno": 73,
    "source": "module.exports.set",
    "tainted_params": [ "key", "value" ],
    "params_types": {
      "key" : "string",
      "value" : "string"
    }
  }
]
