[
  {
    "vuln_type": "CWE-1321",
    "sink": "",
    "sink_lineno": 25,
    "file": "apply.js"
  }
]
