[
  {
    "vuln_type": "CWE-1321",
    "sink": "obj[currentPath] = value;",
    "sink_lineno": 78,
    "file": "index.js"
  }
]
