[
  {
    "vuln_type": "CWE-78",
    "sink": "exec('taskkill /pid ' + pid + ' /T /F');",
    "sink_lineno": 32,
    "file": "index.js"
  }
]
