[
  {
    "vuln_type": "CWE-1321",
    "sink": "doc[key] = apply(doc[key], v);",
    "sink_lineno": 28,
    "file": "apply.js"
  }
]
