[
    {
        "vuln_type": "CWE-78",
        "sink": "child_process.exec(command, { maxBuffer: maxBuffer }, function (error, stdout, stderr) {",
        "sink_lineno": 34,
        "file": "index.js"
    },
    {
        "vuln_type": "CWE-78",
        "sink": "child_process.exec(command, { maxBuffer: maxBuffer }, function (error, stdout, stderr) {",
        "sink_lineno": 77,
        "file": "index.js"
    },
    {
        "vuln_type": "CWE-78",
        "sink": "child_process.exec(command, { maxBuffer: maxBuffer }, function (error, stdout, stderr) {",
        "sink_lineno": 96,
        "file": "index.js"
    }
]
