[
  {
    "vuln_type": "CWE-1321",
    "sink": "target[key] = utils.clone(oldVal);",
    "sink_lineno": 88,
    "file": "index.js"
  }
]
