[
  {
    "vuln_type": "CWE-78",
    "sink": "execSync(",
    "sink_lineno": 37,
    "file": "index.js"
  }
]
