[
  {
    "vuln_type": "CWE-22",
    "sink": "fs.readFile(path,function(error,file){  //单线程异步加载",
    "sink_lineno": 8,
    "file": "index.js"
  }
]
