[
  {
    "vuln_type": "CWE-22",
    "sink": "",
    "sink_lineno": 76,
    "file": "index.js"
  }
]
