[
    {
        "vuln_type": "prototype-pollution",
        "sink_file": "lib/objectUtils.js",
        "sink_lineno": "146"
    }
]