[
  {
    "type": "VFunPropOfExportedObj",
    "filename" : "index.js",
    "vuln_type": "prototype-pollution",
    "sink": "obj[path[i]] = value",
    "sink_lineno": 27,
    "source": "module.exports.set",
    "tainted_params": [ "obj", "path", "value" ],
    "params_types": {
      "obj": "object",
      "path" : [ "string", "string" ],
      "value" : "string"
    }
  }
]
